
> react-kavia@0.1.0 start
> react-scripts start

Attempting to bind to HOST environment variable: 0.0.0.0
If this was unintentional, check that you haven't mistakenly set it in your shell.
Learn more here: https://cra.link/advanced-config

(node:2128) [DEP_WEBPACK_DEV_SERVER_ON_AFTER_SETUP_MIDDLEWARE] DeprecationWarning: 'onAfterSetupMiddleware' option is deprecated. Please use the 'setupMiddlewares' option.
(Use `node --trace-deprecation ...` to show where the warning was created)
(node:2128) [DEP_WEBPACK_DEV_SERVER_ON_BEFORE_SETUP_MIDDLEWARE] DeprecationWarning: 'onBeforeSetupMiddleware' option is deprecated. Please use the 'setupMiddlewares' option.
Starting the development server...

Compiled with warnings.

[eslint] 
src/App.js
  Line 29:10:   'searchLoading' is assigned a value but never used  no-unused-vars
  Line 100:11:  'tf' is assigned a value but never used             no-unused-vars

Search for the keywords to learn more about each warning.
To ignore, add // eslint-disable-next-line to the line before.

WARNING in [eslint] 
src/App.js
  Line 29:10:   'searchLoading' is assigned a value but never used  no-unused-vars
  Line 100:11:  'tf' is assigned a value but never used             no-unused-vars

webpack compiled with 1 warning
Compiling...
Compiled with warnings.

[eslint] 
src/App.js
  Line 29:10:   'searchLoading' is assigned a value but never used  no-unused-vars
  Line 100:11:  'tf' is assigned a value but never used             no-unused-vars

Search for the keywords to learn more about each warning.
To ignore, add // eslint-disable-next-line to the line before.

WARNING in [eslint] 
src/App.js
  Line 29:10:   'searchLoading' is assigned a value but never used  no-unused-vars
  Line 100:11:  'tf' is assigned a value but never used             no-unused-vars

webpack compiled with 1 warning
Compiling...
Compiled with warnings.

[eslint] 
src/App.js
  Line 34:10:   'searchLoading' is assigned a value but never used    no-unused-vars
  Line 37:10:   'userProblem' is assigned a value but never used      no-unused-vars
  Line 37:23:   'setUserProblem' is assigned a value but never used   no-unused-vars
  Line 38:10:   'problemError' is assigned a value but never used     no-unused-vars
  Line 38:24:   'setProblemError' is assigned a value but never used  no-unused-vars
  Line 109:11:  'tf' is assigned a value but never used               no-unused-vars

Search for the keywords to learn more about each warning.
To ignore, add // eslint-disable-next-line to the line before.

WARNING in [eslint] 
src/App.js
  Line 34:10:   'searchLoading' is assigned a value but never used    no-unused-vars
  Line 37:10:   'userProblem' is assigned a value but never used      no-unused-vars
  Line 37:23:   'setUserProblem' is assigned a value but never used   no-unused-vars
  Line 38:10:   'problemError' is assigned a value but never used     no-unused-vars
  Line 38:24:   'setProblemError' is assigned a value but never used  no-unused-vars
  Line 109:11:  'tf' is assigned a value but never used               no-unused-vars

webpack compiled with 1 warning
Compiling...
Compiled with warnings.

[eslint] 
src/App.js
  Line 34:10:   'searchLoading' is assigned a value but never used    no-unused-vars
  Line 37:10:   'userProblem' is assigned a value but never used      no-unused-vars
  Line 38:10:   'problemError' is assigned a value but never used     no-unused-vars
  Line 38:24:   'setProblemError' is assigned a value but never used  no-unused-vars
  Line 110:11:  'tf' is assigned a value but never used               no-unused-vars

Search for the keywords to learn more about each warning.
To ignore, add // eslint-disable-next-line to the line before.

WARNING in [eslint] 
src/App.js
  Line 34:10:   'searchLoading' is assigned a value but never used    no-unused-vars
  Line 37:10:   'userProblem' is assigned a value but never used      no-unused-vars
  Line 38:10:   'problemError' is assigned a value but never used     no-unused-vars
  Line 38:24:   'setProblemError' is assigned a value but never used  no-unused-vars
  Line 110:11:  'tf' is assigned a value but never used               no-unused-vars

webpack compiled with 1 warning
Compiling...
Compiled with warnings.

[eslint] 
src/App.js
  Line 34:10:   'searchLoading' is assigned a value but never used    no-unused-vars
  Line 37:10:   'userProblem' is assigned a value but never used      no-unused-vars
  Line 38:10:   'problemError' is assigned a value but never used     no-unused-vars
  Line 38:24:   'setProblemError' is assigned a value but never used  no-unused-vars
  Line 110:11:  'tf' is assigned a value but never used               no-unused-vars
  Line 189:9:   'searchUsed' is assigned a value but never used       no-unused-vars

Search for the keywords to learn more about each warning.
To ignore, add // eslint-disable-next-line to the line before.

WARNING in [eslint] 
src/App.js
  Line 34:10:   'searchLoading' is assigned a value but never used    no-unused-vars
  Line 37:10:   'userProblem' is assigned a value but never used      no-unused-vars
  Line 38:10:   'problemError' is assigned a value but never used     no-unused-vars
  Line 38:24:   'setProblemError' is assigned a value but never used  no-unused-vars
  Line 110:11:  'tf' is assigned a value but never used               no-unused-vars
  Line 189:9:   'searchUsed' is assigned a value but never used       no-unused-vars

webpack compiled with 1 warning
Compiling...
Compiled with warnings.

[eslint] 
src/App.js
  Line 34:10:   'searchLoading' is assigned a value but never used            no-unused-vars
  Line 38:10:   'problemError' is assigned a value but never used             no-unused-vars
  Line 110:11:  'tf' is assigned a value but never used                       no-unused-vars
  Line 189:9:   'searchUsed' is assigned a value but never used               no-unused-vars
  Line 246:9:   'handleProblemDescSubmit' is assigned a value but never used  no-unused-vars

Search for the keywords to learn more about each warning.
To ignore, add // eslint-disable-next-line to the line before.

WARNING in [eslint] 
src/App.js
  Line 34:10:   'searchLoading' is assigned a value but never used            no-unused-vars
  Line 38:10:   'problemError' is assigned a value but never used             no-unused-vars
  Line 110:11:  'tf' is assigned a value but never used                       no-unused-vars
  Line 189:9:   'searchUsed' is assigned a value but never used               no-unused-vars
  Line 246:9:   'handleProblemDescSubmit' is assigned a value but never used  no-unused-vars

webpack compiled with 1 warning
Compiling...
Failed to compile.

[eslint] 
src/App.js
  Line 302:14:  'ProblemDescCard' is not defined      react/jsx-no-undef
  Line 315:12:  'GuideStepsAccordion' is not defined  react/jsx-no-undef

Search for the keywords to learn more about each error.
WARNING in [eslint] 
src/App.js
  Line 110:11:  'tf' is assigned a value but never used          no-unused-vars
  Line 189:9:   'searchUsed' is assigned a value but never used  no-unused-vars
  Line 620:10:  'GuideGrid' is defined but never used            no-unused-vars

ERROR in [eslint] 
src/App.js
  Line 302:14:  'ProblemDescCard' is not defined      react/jsx-no-undef
  Line 315:12:  'GuideStepsAccordion' is not defined  react/jsx-no-undef

Search for the keywords to learn more about each error.

webpack compiled with 1 error and 1 warning
Compiling...
Failed to compile.

[eslint] 
src/App.js
  Line 315:12:  'GuideStepsAccordion' is not defined  react/jsx-no-undef

Search for the keywords to learn more about each error.
WARNING in [eslint] 
src/App.js
  Line 110:11:  'tf' is assigned a value but never used          no-unused-vars
  Line 189:9:   'searchUsed' is assigned a value but never used  no-unused-vars
  Line 697:10:  'GuideGrid' is defined but never used            no-unused-vars

ERROR in [eslint] 
src/App.js
  Line 315:12:  'GuideStepsAccordion' is not defined  react/jsx-no-undef

Search for the keywords to learn more about each error.

webpack compiled with 1 error and 1 warning
Compiling...
Compiled with warnings.

[eslint] 
src/App.js
  Line 110:11:  'tf' is assigned a value but never used          no-unused-vars
  Line 189:9:   'searchUsed' is assigned a value but never used  no-unused-vars

Search for the keywords to learn more about each warning.
To ignore, add // eslint-disable-next-line to the line before.

WARNING in [eslint] 
src/App.js
  Line 110:11:  'tf' is assigned a value but never used          no-unused-vars
  Line 189:9:   'searchUsed' is assigned a value but never used  no-unused-vars

webpack compiled with 1 warning
